// Jest Snapshot v1, https://goo.gl/fbAQLP

exports[`DashboardLayoutSectionBuilder .addItem() should add a item to the end of the section by default: after 1`] = `
Object {
  "items": Array [
    Object {
      "size": Object {
        "xl": Object {
          "gridWidth": 12,
          "heightAsRatio": 50,
        },
      },
      "type": "IDashboardLayoutItem",
    },
    Object {
      "size": Object {
        "xl": Object {
          "gridWidth": 12,
          "heightAsRatio": 50,
        },
      },
      "type": "IDashboardLayoutItem",
      "widget": "Added item",
    },
  ],
  "type": "IDashboardLayoutSection",
}
`;

exports[`DashboardLayoutSectionBuilder .addItem() should add a item to the end of the section by default: before 1`] = `
Object {
  "items": Array [
    Object {
      "size": Object {
        "xl": Object {
          "gridWidth": 12,
          "heightAsRatio": 50,
        },
      },
      "type": "IDashboardLayoutItem",
    },
  ],
  "type": "IDashboardLayoutSection",
}
`;

exports[`DashboardLayoutSectionBuilder .addItem() should add a item to the provided index: after 1`] = `
Object {
  "items": Array [
    Object {
      "size": Object {
        "xl": Object {
          "gridWidth": 12,
          "heightAsRatio": 50,
        },
      },
      "type": "IDashboardLayoutItem",
    },
    Object {
      "size": Object {
        "xl": Object {
          "gridWidth": 12,
          "heightAsRatio": 50,
        },
      },
      "type": "IDashboardLayoutItem",
      "widget": "Added item",
    },
    Object {
      "size": Object {
        "xl": Object {
          "gridWidth": 12,
          "heightAsRatio": 50,
        },
      },
      "type": "IDashboardLayoutItem",
    },
  ],
  "type": "IDashboardLayoutSection",
}
`;

exports[`DashboardLayoutSectionBuilder .addItem() should add a item to the provided index: before 1`] = `
Object {
  "items": Array [
    Object {
      "size": Object {
        "xl": Object {
          "gridWidth": 12,
          "heightAsRatio": 50,
        },
      },
      "type": "IDashboardLayoutItem",
    },
    Object {
      "size": Object {
        "xl": Object {
          "gridWidth": 12,
          "heightAsRatio": 50,
        },
      },
      "type": "IDashboardLayoutItem",
    },
  ],
  "type": "IDashboardLayoutSection",
}
`;

exports[`DashboardLayoutSectionBuilder .header() should update header by callback 1`] = `
Object {
  "header": Object {
    "description": "Section description",
    "title": "Section title",
  },
  "items": Array [],
  "type": "IDashboardLayoutSection",
}
`;

exports[`DashboardLayoutSectionBuilder .header() should update header by callback returning undefined 1`] = `
Object {
  "header": undefined,
  "items": Array [],
  "type": "IDashboardLayoutSection",
}
`;

exports[`DashboardLayoutSectionBuilder .header() should update header by undefined 1`] = `
Object {
  "header": undefined,
  "items": Array [],
  "type": "IDashboardLayoutSection",
}
`;

exports[`DashboardLayoutSectionBuilder .header() should update header by value 1`] = `
Object {
  "header": Object {
    "description": "Section description",
    "title": "Section title",
  },
  "items": Array [],
  "type": "IDashboardLayoutSection",
}
`;

exports[`DashboardLayoutSectionBuilder .modifyItem() should modify the item: after 1`] = `
Object {
  "items": Array [
    Object {
      "size": Object {
        "xl": Object {
          "gridWidth": 12,
          "heightAsRatio": 50,
        },
      },
      "type": "IDashboardLayoutItem",
      "widget": "Modified item",
    },
  ],
  "type": "IDashboardLayoutSection",
}
`;

exports[`DashboardLayoutSectionBuilder .modifyItem() should modify the item: before 1`] = `
Object {
  "items": Array [
    Object {
      "size": Object {
        "xl": Object {
          "gridWidth": 12,
          "heightAsRatio": 50,
        },
      },
      "type": "IDashboardLayoutItem",
      "widget": "Original item",
    },
  ],
  "type": "IDashboardLayoutSection",
}
`;

exports[`DashboardLayoutSectionBuilder .modifyItem() should throw error, when the item at provided index does not exist 1`] = `"Cannot modify the item - item at index 0 does not exist!"`;

exports[`DashboardLayoutSectionBuilder .modifyItems() should modify all items by default: after 1`] = `
Object {
  "items": Array [
    Object {
      "size": Object {
        "xl": Object {
          "gridWidth": 12,
          "heightAsRatio": 50,
        },
      },
      "type": "IDashboardLayoutItem",
      "widget": "Modified item 0",
    },
    Object {
      "size": Object {
        "xl": Object {
          "gridWidth": 12,
          "heightAsRatio": 50,
        },
      },
      "type": "IDashboardLayoutItem",
      "widget": "Modified item 1",
    },
  ],
  "type": "IDashboardLayoutSection",
}
`;

exports[`DashboardLayoutSectionBuilder .modifyItems() should modify all items by default: before 1`] = `
Object {
  "items": Array [
    Object {
      "size": Object {
        "xl": Object {
          "gridWidth": 12,
          "heightAsRatio": 50,
        },
      },
      "type": "IDashboardLayoutItem",
    },
    Object {
      "size": Object {
        "xl": Object {
          "gridWidth": 12,
          "heightAsRatio": 50,
        },
      },
      "type": "IDashboardLayoutItem",
    },
  ],
  "type": "IDashboardLayoutSection",
}
`;

exports[`DashboardLayoutSectionBuilder .modifyItems() should modify selected item only: after 1`] = `
Object {
  "items": Array [
    Object {
      "size": Object {
        "xl": Object {
          "gridWidth": 12,
          "heightAsRatio": 50,
        },
      },
      "type": "IDashboardLayoutItem",
    },
    Object {
      "size": Object {
        "xl": Object {
          "gridWidth": 12,
          "heightAsRatio": 50,
        },
      },
      "type": "IDashboardLayoutItem",
      "widget": "Modified item",
    },
    Object {
      "size": Object {
        "xl": Object {
          "gridWidth": 12,
          "heightAsRatio": 50,
        },
      },
      "type": "IDashboardLayoutItem",
    },
  ],
  "type": "IDashboardLayoutSection",
}
`;

exports[`DashboardLayoutSectionBuilder .modifyItems() should modify selected item only: before 1`] = `
Object {
  "items": Array [
    Object {
      "size": Object {
        "xl": Object {
          "gridWidth": 12,
          "heightAsRatio": 50,
        },
      },
      "type": "IDashboardLayoutItem",
    },
    Object {
      "size": Object {
        "xl": Object {
          "gridWidth": 12,
          "heightAsRatio": 50,
        },
      },
      "type": "IDashboardLayoutItem",
      "widget": "Original item",
    },
    Object {
      "size": Object {
        "xl": Object {
          "gridWidth": 12,
          "heightAsRatio": 50,
        },
      },
      "type": "IDashboardLayoutItem",
    },
  ],
  "type": "IDashboardLayoutSection",
}
`;

exports[`DashboardLayoutSectionBuilder .modifyItems() should modify selected items only: after 1`] = `
Object {
  "items": Array [
    Object {
      "size": Object {
        "xl": Object {
          "gridWidth": 12,
          "heightAsRatio": 50,
        },
      },
      "type": "IDashboardLayoutItem",
      "widget": Object {
        "title": "Modified section 0",
      },
    },
    Object {
      "size": Object {
        "xl": Object {
          "gridWidth": 12,
          "heightAsRatio": 50,
        },
      },
      "type": "IDashboardLayoutItem",
    },
    Object {
      "size": Object {
        "xl": Object {
          "gridWidth": 12,
          "heightAsRatio": 50,
        },
      },
      "type": "IDashboardLayoutItem",
      "widget": Object {
        "title": "Modified section 2",
      },
    },
    Object {
      "size": Object {
        "xl": Object {
          "gridWidth": 12,
          "heightAsRatio": 50,
        },
      },
      "type": "IDashboardLayoutItem",
    },
  ],
  "type": "IDashboardLayoutSection",
}
`;

exports[`DashboardLayoutSectionBuilder .modifyItems() should modify selected items only: before 1`] = `
Object {
  "items": Array [
    Object {
      "size": Object {
        "xl": Object {
          "gridWidth": 12,
          "heightAsRatio": 50,
        },
      },
      "type": "IDashboardLayoutItem",
      "widget": "Original item",
    },
    Object {
      "size": Object {
        "xl": Object {
          "gridWidth": 12,
          "heightAsRatio": 50,
        },
      },
      "type": "IDashboardLayoutItem",
    },
    Object {
      "size": Object {
        "xl": Object {
          "gridWidth": 12,
          "heightAsRatio": 50,
        },
      },
      "type": "IDashboardLayoutItem",
      "widget": "Original item",
    },
    Object {
      "size": Object {
        "xl": Object {
          "gridWidth": 12,
          "heightAsRatio": 50,
        },
      },
      "type": "IDashboardLayoutItem",
    },
  ],
  "type": "IDashboardLayoutSection",
}
`;

exports[`DashboardLayoutSectionBuilder .modifyItems() should not modify any item, when selection result is undefined: after 1`] = `
Object {
  "items": Array [
    Object {
      "size": Object {
        "xl": Object {
          "gridWidth": 12,
          "heightAsRatio": 50,
        },
      },
      "type": "IDashboardLayoutItem",
    },
  ],
  "type": "IDashboardLayoutSection",
}
`;

exports[`DashboardLayoutSectionBuilder .modifyItems() should not modify any item, when selection result is undefined: before 1`] = `
Object {
  "items": Array [
    Object {
      "size": Object {
        "xl": Object {
          "gridWidth": 12,
          "heightAsRatio": 50,
        },
      },
      "type": "IDashboardLayoutItem",
    },
  ],
  "type": "IDashboardLayoutSection",
}
`;

exports[`DashboardLayoutSectionBuilder .moveItem() should move the item: after 1`] = `
Object {
  "items": Array [
    Object {
      "size": Object {
        "xl": Object {
          "gridWidth": 12,
          "heightAsRatio": 50,
        },
      },
      "type": "IDashboardLayoutItem",
      "widget": "Widget 1",
    },
    Object {
      "size": Object {
        "xl": Object {
          "gridWidth": 12,
          "heightAsRatio": 50,
        },
      },
      "type": "IDashboardLayoutItem",
      "widget": "Widget 0",
    },
    Object {
      "size": Object {
        "xl": Object {
          "gridWidth": 12,
          "heightAsRatio": 50,
        },
      },
      "type": "IDashboardLayoutItem",
      "widget": "Widget 2",
    },
  ],
  "type": "IDashboardLayoutSection",
}
`;

exports[`DashboardLayoutSectionBuilder .moveItem() should move the item: before 1`] = `
Object {
  "items": Array [
    Object {
      "size": Object {
        "xl": Object {
          "gridWidth": 12,
          "heightAsRatio": 50,
        },
      },
      "type": "IDashboardLayoutItem",
      "widget": "Widget 0",
    },
    Object {
      "size": Object {
        "xl": Object {
          "gridWidth": 12,
          "heightAsRatio": 50,
        },
      },
      "type": "IDashboardLayoutItem",
      "widget": "Widget 1",
    },
    Object {
      "size": Object {
        "xl": Object {
          "gridWidth": 12,
          "heightAsRatio": 50,
        },
      },
      "type": "IDashboardLayoutItem",
      "widget": "Widget 2",
    },
  ],
  "type": "IDashboardLayoutSection",
}
`;

exports[`DashboardLayoutSectionBuilder .moveItem() should throw error, when the item at provided index does not exist 1`] = `"Cannot move the item - item at index 0 does not exist!"`;

exports[`DashboardLayoutSectionBuilder .removeItem() should remove the item from the section: after 1`] = `
Object {
  "items": Array [],
  "type": "IDashboardLayoutSection",
}
`;

exports[`DashboardLayoutSectionBuilder .removeItem() should remove the item from the section: before 1`] = `
Object {
  "items": Array [
    Object {
      "size": Object {
        "xl": Object {
          "gridWidth": 12,
          "heightAsRatio": 50,
        },
      },
      "type": "IDashboardLayoutItem",
      "widget": "Item to remove",
    },
  ],
  "type": "IDashboardLayoutSection",
}
`;

exports[`DashboardLayoutSectionBuilder .removeItem() should throw error, when the item at provided index does not exist 1`] = `"Cannot remove the item - item at index 0 does not exist!"`;

exports[`DashboardLayoutSectionBuilder .removeItems() should not remove any item, when selection result is undefined: after 1`] = `
Object {
  "items": Array [
    Object {
      "size": Object {
        "xl": Object {
          "gridWidth": 12,
          "heightAsRatio": 50,
        },
      },
      "type": "IDashboardLayoutItem",
    },
  ],
  "type": "IDashboardLayoutSection",
}
`;

exports[`DashboardLayoutSectionBuilder .removeItems() should not remove any item, when selection result is undefined: before 1`] = `
Object {
  "items": Array [
    Object {
      "size": Object {
        "xl": Object {
          "gridWidth": 12,
          "heightAsRatio": 50,
        },
      },
      "type": "IDashboardLayoutItem",
    },
  ],
  "type": "IDashboardLayoutSection",
}
`;

exports[`DashboardLayoutSectionBuilder .removeItems() should remove all items by default: after 1`] = `
Object {
  "items": Array [],
  "type": "IDashboardLayoutSection",
}
`;

exports[`DashboardLayoutSectionBuilder .removeItems() should remove all items by default: before 1`] = `
Object {
  "items": Array [
    Object {
      "size": Object {
        "xl": Object {
          "gridWidth": 12,
          "heightAsRatio": 50,
        },
      },
      "type": "IDashboardLayoutItem",
    },
    Object {
      "size": Object {
        "xl": Object {
          "gridWidth": 12,
          "heightAsRatio": 50,
        },
      },
      "type": "IDashboardLayoutItem",
    },
  ],
  "type": "IDashboardLayoutSection",
}
`;

exports[`DashboardLayoutSectionBuilder .removeItems() should remove selected item only: after 1`] = `
Object {
  "items": Array [
    Object {
      "size": Object {
        "xl": Object {
          "gridWidth": 12,
          "heightAsRatio": 50,
        },
      },
      "type": "IDashboardLayoutItem",
    },
    Object {
      "size": Object {
        "xl": Object {
          "gridWidth": 12,
          "heightAsRatio": 50,
        },
      },
      "type": "IDashboardLayoutItem",
    },
  ],
  "type": "IDashboardLayoutSection",
}
`;

exports[`DashboardLayoutSectionBuilder .removeItems() should remove selected item only: before 1`] = `
Object {
  "items": Array [
    Object {
      "size": Object {
        "xl": Object {
          "gridWidth": 12,
          "heightAsRatio": 50,
        },
      },
      "type": "IDashboardLayoutItem",
    },
    Object {
      "size": Object {
        "xl": Object {
          "gridWidth": 12,
          "heightAsRatio": 50,
        },
      },
      "type": "IDashboardLayoutItem",
      "widget": "Item to remove",
    },
    Object {
      "size": Object {
        "xl": Object {
          "gridWidth": 12,
          "heightAsRatio": 50,
        },
      },
      "type": "IDashboardLayoutItem",
    },
  ],
  "type": "IDashboardLayoutSection",
}
`;

exports[`DashboardLayoutSectionBuilder .removeItems() should remove selected items only: after 1`] = `
Object {
  "items": Array [
    Object {
      "size": Object {
        "xl": Object {
          "gridWidth": 12,
          "heightAsRatio": 50,
        },
      },
      "type": "IDashboardLayoutItem",
      "widget": "Item to keep 1",
    },
    Object {
      "size": Object {
        "xl": Object {
          "gridWidth": 12,
          "heightAsRatio": 50,
        },
      },
      "type": "IDashboardLayoutItem",
      "widget": "Item to keep 2",
    },
  ],
  "type": "IDashboardLayoutSection",
}
`;

exports[`DashboardLayoutSectionBuilder .removeItems() should remove selected items only: before 1`] = `
Object {
  "items": Array [
    Object {
      "size": Object {
        "xl": Object {
          "gridWidth": 12,
          "heightAsRatio": 50,
        },
      },
      "type": "IDashboardLayoutItem",
      "widget": "Item to keep 1",
    },
    Object {
      "size": Object {
        "xl": Object {
          "gridWidth": 12,
          "heightAsRatio": 50,
        },
      },
      "type": "IDashboardLayoutItem",
    },
    Object {
      "size": Object {
        "xl": Object {
          "gridWidth": 12,
          "heightAsRatio": 50,
        },
      },
      "type": "IDashboardLayoutItem",
      "widget": "Item to keep 2",
    },
    Object {
      "size": Object {
        "xl": Object {
          "gridWidth": 12,
          "heightAsRatio": 50,
        },
      },
      "type": "IDashboardLayoutItem",
    },
  ],
  "type": "IDashboardLayoutSection",
}
`;

exports[`DashboardLayoutSectionBuilder constructors .for() should throw error, when the section is damaged 1`] = `"Provided data must be IDashboardLayoutSection!"`;
