// Jest Snapshot v1, https://goo.gl/fbAQLP

exports[`renderingWorker async rendering resolution should accept new async rendering request, when it's fired within time limit after resolution 1`] = `
Array [
  Object {
    "correlationId": undefined,
    "type": "GDC.DASH/EVT.RENDER.REQUESTED",
  },
  Object {
    "correlationId": undefined,
    "type": "GDC.DASH/EVT.FILTER_CONTEXT.DATE_FILTER.VALIDATION.FAILED",
  },
  Object {
    "correlationId": undefined,
    "type": "GDC.DASH/EVT.LOADED",
  },
  Object {
    "correlationId": undefined,
    "type": "GDC.DASH/EVT.RENDER.ASYNC.REQUESTED",
  },
  Object {
    "correlationId": undefined,
    "type": "GDC.DASH/EVT.RENDER.ASYNC.RESOLVED",
  },
  Object {
    "correlationId": undefined,
    "type": "GDC.DASH/EVT.RENDER.ASYNC.REQUESTED",
  },
  Object {
    "correlationId": undefined,
    "type": "GDC.DASH/EVT.RENDER.ASYNC.RESOLVED",
  },
  Object {
    "correlationId": undefined,
    "type": "GDC.DASH/EVT.RENDER.RESOLVED",
  },
]
`;

exports[`renderingWorker async rendering resolution should accept new async rendering requests, when running requests are not yet resolved 1`] = `
Array [
  Object {
    "correlationId": undefined,
    "type": "GDC.DASH/EVT.RENDER.REQUESTED",
  },
  Object {
    "correlationId": undefined,
    "type": "GDC.DASH/EVT.FILTER_CONTEXT.DATE_FILTER.VALIDATION.FAILED",
  },
  Object {
    "correlationId": undefined,
    "type": "GDC.DASH/EVT.LOADED",
  },
  Object {
    "correlationId": undefined,
    "type": "GDC.DASH/EVT.RENDER.ASYNC.REQUESTED",
  },
  Object {
    "correlationId": undefined,
    "type": "GDC.DASH/EVT.RENDER.ASYNC.REQUESTED",
  },
  Object {
    "correlationId": undefined,
    "type": "GDC.DASH/EVT.RENDER.ASYNC.REQUESTED",
  },
  Object {
    "correlationId": undefined,
    "type": "GDC.DASH/EVT.RENDER.ASYNC.RESOLVED",
  },
  Object {
    "correlationId": undefined,
    "type": "GDC.DASH/EVT.RENDER.ASYNC.RESOLVED",
  },
  Object {
    "correlationId": undefined,
    "type": "GDC.DASH/EVT.RENDER.ASYNC.RESOLVED",
  },
  Object {
    "correlationId": undefined,
    "type": "GDC.DASH/EVT.RENDER.RESOLVED",
  },
]
`;

exports[`renderingWorker async rendering resolution should emit render resolved after async rendering resolution 1`] = `
Array [
  Object {
    "correlationId": undefined,
    "type": "GDC.DASH/EVT.RENDER.REQUESTED",
  },
  Object {
    "correlationId": undefined,
    "type": "GDC.DASH/EVT.FILTER_CONTEXT.DATE_FILTER.VALIDATION.FAILED",
  },
  Object {
    "correlationId": undefined,
    "type": "GDC.DASH/EVT.LOADED",
  },
  Object {
    "correlationId": undefined,
    "type": "GDC.DASH/EVT.RENDER.ASYNC.REQUESTED",
  },
  Object {
    "correlationId": undefined,
    "type": "GDC.DASH/EVT.RENDER.ASYNC.RESOLVED",
  },
  Object {
    "correlationId": undefined,
    "type": "GDC.DASH/EVT.RENDER.RESOLVED",
  },
]
`;

exports[`renderingWorker async rendering resolution should emit render resolved, when async renderings are resolved during the asyncRenderRequestedTimeout 1`] = `
Array [
  Object {
    "correlationId": undefined,
    "type": "GDC.DASH/EVT.RENDER.REQUESTED",
  },
  Object {
    "correlationId": undefined,
    "type": "GDC.DASH/EVT.FILTER_CONTEXT.DATE_FILTER.VALIDATION.FAILED",
  },
  Object {
    "correlationId": undefined,
    "type": "GDC.DASH/EVT.LOADED",
  },
  Object {
    "correlationId": undefined,
    "type": "GDC.DASH/EVT.RENDER.ASYNC.REQUESTED",
  },
  Object {
    "correlationId": undefined,
    "type": "GDC.DASH/EVT.RENDER.ASYNC.RESOLVED",
  },
  Object {
    "correlationId": undefined,
    "type": "GDC.DASH/EVT.RENDER.RESOLVED",
  },
]
`;

exports[`renderingWorker async rendering resolution should emit render resolved, when no async rendering is requested during the asyncRenderRequestedTimeout 1`] = `
Array [
  Object {
    "correlationId": undefined,
    "type": "GDC.DASH/EVT.RENDER.REQUESTED",
  },
  Object {
    "correlationId": undefined,
    "type": "GDC.DASH/EVT.FILTER_CONTEXT.DATE_FILTER.VALIDATION.FAILED",
  },
  Object {
    "correlationId": undefined,
    "type": "GDC.DASH/EVT.LOADED",
  },
  Object {
    "correlationId": undefined,
    "type": "GDC.DASH/EVT.RENDER.RESOLVED",
  },
]
`;

exports[`renderingWorker async rendering resolution should not emit render resolved, when async rendering is not resolved 1`] = `"Wait for action 'GDC.DASH/EVT.RENDER.RESOLVED' timed out after 200ms"`;

exports[`renderingWorker async rendering resolution should not emit render resolved, when async rendering is not resolved 2`] = `
Array [
  Object {
    "correlationId": undefined,
    "type": "GDC.DASH/EVT.RENDER.REQUESTED",
  },
  Object {
    "correlationId": undefined,
    "type": "GDC.DASH/EVT.FILTER_CONTEXT.DATE_FILTER.VALIDATION.FAILED",
  },
  Object {
    "correlationId": undefined,
    "type": "GDC.DASH/EVT.LOADED",
  },
  Object {
    "correlationId": undefined,
    "type": "GDC.DASH/EVT.RENDER.ASYNC.REQUESTED",
  },
]
`;

exports[`renderingWorker maximum timeout should emit render resolved, when async rendering is still running, but the maximum timeout reached 1`] = `
Array [
  Object {
    "correlationId": undefined,
    "type": "GDC.DASH/EVT.RENDER.REQUESTED",
  },
  Object {
    "correlationId": undefined,
    "type": "GDC.DASH/EVT.FILTER_CONTEXT.DATE_FILTER.VALIDATION.FAILED",
  },
  Object {
    "correlationId": undefined,
    "type": "GDC.DASH/EVT.LOADED",
  },
  Object {
    "correlationId": undefined,
    "type": "GDC.DASH/EVT.RENDER.ASYNC.REQUESTED",
  },
  Object {
    "correlationId": undefined,
    "type": "GDC.DASH/EVT.RENDER.RESOLVED",
  },
]
`;
