// Jest Snapshot v1, https://goo.gl/fbAQLP

exports[`change insight widget header handler for dashboard with KPIs and insights should emit correct events 1`] = `
Array [
  Object {
    "correlationId": "testCorrelationId",
    "type": "GDC.DASH/EVT.INSIGHT_WIDGET.HEADER_CHANGED",
  },
]
`;
