// Jest Snapshot v1, https://goo.gl/fbAQLP

exports[`removeAttributeFilterHandler should emit the appropriate events for removed attribute filter 1`] = `
Array [
  Object {
    "correlationId": "testCorrelation",
    "type": "GDC.DASH/EVT.FILTER_CONTEXT.ATTRIBUTE_FILTER.REMOVED",
  },
  Object {
    "correlationId": "testCorrelation",
    "type": "GDC.DASH/EVT.FILTER_CONTEXT.CHANGED",
  },
]
`;

exports[`removeAttributeFilterHandler should emit the appropriate events when trying to remove a non-existent attribute filter 1`] = `
Array [
  Object {
    "correlationId": "testCorrelation",
    "type": "GDC.DASH/EVT.COMMAND.FAILED",
  },
]
`;
