// Jest Snapshot v1, https://goo.gl/fbAQLP

exports[`query date dataset for insight should do work when query action is dispatched 1`] = `
Object {
  "entities": Object {
    "{\\"identifier\\":\\"blabla\\"}": Object {
      "query": Object {
        "correlationId": undefined,
        "payload": Object {
          "insightRef": Object {
            "identifier": "blabla",
          },
        },
        "type": "GDC.DASH/QUERY.INSIGHT.DATE.DATASETS",
      },
      "result": Object {
        "data": "some dummy data",
      },
      "status": "success",
    },
  },
  "ids": Array [
    "{\\"identifier\\":\\"blabla\\"}",
  ],
}
`;

exports[`query date dataset for insight should emit the right events 1`] = `
Array [
  Object {
    "correlationId": "testCorrelationId",
    "type": "GDC.DASH/EVT.QUERY.STARTED",
  },
  Object {
    "correlationId": "testCorrelationId",
    "type": "GDC.DASH/EVT.QUERY.COMPLETED",
  },
]
`;
